<html>
<body>
<pre>
<h1>µVision Build Log</h1>
<h2>Project:</h2>
N:\2B\ECE 254\ECE254-master\lab2\starter\RTX_App\RTX_App.uvproj
Project File Date:  09/06/2017

<h2>Output:</h2>
  
*** Note: 'Create Batch File' is active - using 'Rebuild'.
Rebuild Project 'RTX_Lib_CM' - Target 'CM3_LE'
compiling rt_Task.c...
compiling rt_System.c...
compiling rt_Event.c...
compiling rt_List.c...
compiling rt_Mailbox.c...
compiling rt_Semaphore.c...
compiling rt_Time.c...
compiling rt_Timer.c...
compiling rt_Mutex.c...
compiling rt_Robin.c...
compiling rt_MemBox.c...
compiling rt_Task_ext.c...
compiling rt_MemBox_ext.c...
assembling SVC_Table.s...
compiling HAL_CM3.c...
creating Library...
User command #1: cmd.exe /C copy ArInp.Scr CM3_LE\BuildLib.scr
        1 file(s) copied.
".\CM3_LE\RTX_CM3.lib" - 0 Error(s), 0 Warning(s).
  
Build Project 'RTX_App' - Target 'Starter SIM'
compiling main_task_exp.c...
N:\2B\ECE 254\ECE254-master\lab2\starter\RTX_App\src\main_task_exp.c(60): warning:  #550-D: variable "ptr" was set but never used
N:\2B\ECE 254\ECE254-master\lab2\starter\RTX_App\src\main_task_exp.c(249): error:  #268: declaration may not appear after executable statement in block
N:\2B\ECE 254\ECE254-master\lab2\starter\RTX_App\src\main_task_exp.c(249): error:  #70: incomplete type is not allowed
N:\2B\ECE 254\ECE254-master\lab2\starter\RTX_App\src\main_task_exp.c(253): error:  #65: expected a ";"
Target not created
Build Project 'RTX_App' - Target 'Starter SIM'
compiling main_task_exp.c...
N:\2B\ECE 254\ECE254-master\lab2\starter\RTX_App\src\main_task_exp.c(60): warning:  #550-D: variable "ptr" was set but never used
N:\2B\ECE 254\ECE254-master\lab2\starter\RTX_App\src\main_task_exp.c(249): error:  #268: declaration may not appear after executable statement in block
N:\2B\ECE 254\ECE254-master\lab2\starter\RTX_App\src\main_task_exp.c(249): error:  #70: incomplete type is not allowed
Target not created
Build Project 'RTX_App' - Target 'Starter SIM'
compiling main_task_exp.c...
N:\2B\ECE 254\ECE254-master\lab2\starter\RTX_App\src\main_task_exp.c(60): warning:  #550-D: variable "ptr" was set but never used
N:\2B\ECE 254\ECE254-master\lab2\starter\RTX_App\src\main_task_exp.c(249): error:  #268: declaration may not appear after executable statement in block
N:\2B\ECE 254\ECE254-master\lab2\starter\RTX_App\src\main_task_exp.c(249): warning:  #177-D: variable "box_ptr" was declared but never referenced
Target not created
Build Project 'RTX_App' - Target 'Starter SIM'
compiling main_task_exp.c...
N:\2B\ECE 254\ECE254-master\lab2\starter\RTX_App\src\main_task_exp.c(60): warning:  #550-D: variable "ptr" was set but never used
linking...
Program Size: Code=7164 RO-data=276 RW-data=212 ZI-data=8188  
".\build\FLASH\RTX_APP.axf" - 0 Error(s), 1 Warning(s).
Build Project 'RTX_App' - Target 'Starter SIM'
compiling main_task_exp.c...
N:\2B\ECE 254\ECE254-master\lab2\starter\RTX_App\src\main_task_exp.c(66): error:  #65: expected a ";"
N:\2B\ECE 254\ECE254-master\lab2\starter\RTX_App\src\main_task_exp.c(122): error:  #268: declaration may not appear after executable statement in block
N:\2B\ECE 254\ECE254-master\lab2\starter\RTX_App\src\main_task_exp.c(123): error:  #29: expected an expression
N:\2B\ECE 254\ECE254-master\lab2\starter\RTX_App\src\main_task_exp.c(123): error:  #29: expected an expression
N:\2B\ECE 254\ECE254-master\lab2\starter\RTX_App\src\main_task_exp.c(124): error:  #20: identifier "result" is undefined
N:\2B\ECE 254\ECE254-master\lab2\starter\RTX_App\src\main_task_exp.c(122): warning:  #177-D: variable "output" was declared but never referenced
Target not created
Build Project 'RTX_App' - Target 'Starter SIM'
compiling main_task_exp.c...
N:\2B\ECE 254\ECE254-master\lab2\starter\RTX_App\src\main_task_exp.c(122): error:  #268: declaration may not appear after executable statement in block
N:\2B\ECE 254\ECE254-master\lab2\starter\RTX_App\src\main_task_exp.c(123): error:  #29: expected an expression
N:\2B\ECE 254\ECE254-master\lab2\starter\RTX_App\src\main_task_exp.c(123): error:  #29: expected an expression
N:\2B\ECE 254\ECE254-master\lab2\starter\RTX_App\src\main_task_exp.c(124): error:  #20: identifier "result" is undefined
N:\2B\ECE 254\ECE254-master\lab2\starter\RTX_App\src\main_task_exp.c(122): warning:  #177-D: variable "output" was declared but never referenced
Target not created
Build Project 'RTX_App' - Target 'Starter SIM'
compiling main_task_exp.c...
N:\2B\ECE 254\ECE254-master\lab2\starter\RTX_App\src\main_task_exp.c(124): error:  #29: expected an expression
N:\2B\ECE 254\ECE254-master\lab2\starter\RTX_App\src\main_task_exp.c(124): error:  #29: expected an expression
N:\2B\ECE 254\ECE254-master\lab2\starter\RTX_App\src\main_task_exp.c(125): error:  #20: identifier "result" is undefined
Target not created
Build Project 'RTX_App' - Target 'Starter SIM'
compiling main_task_exp.c...
N:\2B\ECE 254\ECE254-master\lab2\starter\RTX_App\src\main_task_exp.c(124): error:  #20: identifier "result" is undefined
N:\2B\ECE 254\ECE254-master\lab2\starter\RTX_App\src\main_task_exp.c(124): error:  #29: expected an expression
N:\2B\ECE 254\ECE254-master\lab2\starter\RTX_App\src\main_task_exp.c(124): error:  #29: expected an expression
Target not created
compiling main_task_exp.c...
N:\2B\ECE 254\ECE254-master\lab2\starter\RTX_App\src\main_task_exp.c(124): error:  #29: expected an expression
N:\2B\ECE 254\ECE254-master\lab2\starter\RTX_App\src\main_task_exp.c(124): error:  #29: expected an expression
src\main_task_exp.c - 2 Error(s), 0 Warning(s).
Build Project 'RTX_App' - Target 'Starter SIM'
compiling main_task_exp.c...
N:\2B\ECE 254\ECE254-master\lab2\starter\RTX_App\src\main_task_exp.c(124): error:  #29: expected an expression
N:\2B\ECE 254\ECE254-master\lab2\starter\RTX_App\src\main_task_exp.c(124): error:  #29: expected an expression
Target not created
Build Project 'RTX_App' - Target 'Starter SIM'
compiling main_task_exp.c...
N:\2B\ECE 254\ECE254-master\lab2\starter\RTX_App\src\main_task_exp.c(124): error:  #29: expected an expression
N:\2B\ECE 254\ECE254-master\lab2\starter\RTX_App\src\main_task_exp.c(124): error:  #29: expected an expression
Target not created
Build Project 'RTX_App' - Target 'Starter SIM'
compiling main_task_exp.c...
N:\2B\ECE 254\ECE254-master\lab2\starter\RTX_App\src\main_task_exp.c(124): error:  #29: expected an expression
N:\2B\ECE 254\ECE254-master\lab2\starter\RTX_App\src\main_task_exp.c(124): error:  #29: expected an expression
Target not created
Build Project 'RTX_App' - Target 'Starter SIM'
compiling main_task_exp.c...
N:\2B\ECE 254\ECE254-master\lab2\starter\RTX_App\src\main_task_exp.c(123): error:  #29: expected an expression
N:\2B\ECE 254\ECE254-master\lab2\starter\RTX_App\src\main_task_exp.c(123): error:  #29: expected an expression
Target not created
compiling main_task_exp.c...
N:\2B\ECE 254\ECE254-master\lab2\starter\RTX_App\src\main_task_exp.c(123): error:  #29: expected an expression
N:\2B\ECE 254\ECE254-master\lab2\starter\RTX_App\src\main_task_exp.c(123): error:  #29: expected an expression
src\main_task_exp.c - 2 Error(s), 0 Warning(s).
Build Project 'RTX_App' - Target 'Starter SIM'
compiling main_task_exp.c...
N:\2B\ECE 254\ECE254-master\lab2\starter\RTX_App\src\main_task_exp.c(123): error:  #29: expected an expression
N:\2B\ECE 254\ECE254-master\lab2\starter\RTX_App\src\main_task_exp.c(123): error:  #29: expected an expression
Target not created
Build Project 'RTX_App' - Target 'Starter SIM'
compiling main_task_exp.c...
N:\2B\ECE 254\ECE254-master\lab2\starter\RTX_App\src\main_task_exp.c(122): error:  #29: expected an expression
N:\2B\ECE 254\ECE254-master\lab2\starter\RTX_App\src\main_task_exp.c(122): error:  #29: expected an expression
Target not created
Build Project 'RTX_App' - Target 'Starter SIM'
compiling main_task_exp.c...
N:\2B\ECE 254\ECE254-master\lab2\starter\RTX_App\src\main_task_exp.c(122): error:  #20: identifier "result" is undefined
N:\2B\ECE 254\ECE254-master\lab2\starter\RTX_App\src\main_task_exp.c(122): error:  #29: expected an expression
N:\2B\ECE 254\ECE254-master\lab2\starter\RTX_App\src\main_task_exp.c(122): error:  #29: expected an expression
N:\2B\ECE 254\ECE254-master\lab2\starter\RTX_App\src\main_task_exp.c(150): warning:  #177-D: variable "result" was declared but never referenced
Target not created
Build Project 'RTX_App' - Target 'Starter SIM'
compiling main_task_exp.c...
N:\2B\ECE 254\ECE254-master\lab2\starter\RTX_App\src\main_task_exp.c(123): error:  #29: expected an expression
N:\2B\ECE 254\ECE254-master\lab2\starter\RTX_App\src\main_task_exp.c(123): error:  #29: expected an expression
Target not created
  
*** Note: 'Create Batch File' is active - using 'Rebuild'.
Rebuild Project 'RTX_Lib_CM' - Target 'CM3_LE'
compiling rt_Task.c...
compiling rt_System.c...
compiling rt_Event.c...
compiling rt_List.c...
compiling rt_Mailbox.c...
compiling rt_Semaphore.c...
compiling rt_Time.c...
compiling rt_Timer.c...
compiling rt_Mutex.c...
compiling rt_Robin.c...
compiling rt_MemBox.c...
compiling rt_Task_ext.c...
compiling rt_MemBox_ext.c...
assembling SVC_Table.s...
compiling HAL_CM3.c...
creating Library...
User command #1: cmd.exe /C copy ArInp.Scr CM3_LE\BuildLib.scr
        1 file(s) copied.
".\CM3_LE\RTX_CM3.lib" - 0 Error(s), 0 Warning(s).
  
Build Project 'RTX_App' - Target 'Starter SIM'
compiling main_task_exp.c...
N:\2B\ECE 254\ECE254-master\lab2\starter\RTX_App\src\main_task_exp.c(123): error:  #29: expected an expression
N:\2B\ECE 254\ECE254-master\lab2\starter\RTX_App\src\main_task_exp.c(123): error:  #29: expected an expression
Target not created
Build Project 'RTX_App' - Target 'Starter SIM'
compiling main_task_exp.c...
linking...
Program Size: Code=7328 RO-data=348 RW-data=212 ZI-data=8188  
".\build\FLASH\RTX_APP.axf" - 0 Error(s), 0 Warning(s).
Build Project 'RTX_App' - Target 'Starter SIM'
compiling main_task_exp.c...
N:\2B\ECE 254\ECE254-master\lab2\starter\RTX_App\src\main_task_exp.c(71): error:  #127: expected a statement
N:\2B\ECE 254\ECE254-master\lab2\starter\RTX_App\src\main_task_exp.c(74): warning:  #12-D: parsing restarts here after previous syntax error
Target not created
Build Project 'RTX_App' - Target 'Starter SIM'
compiling main_task_exp.c...
linking...
Program Size: Code=7336 RO-data=348 RW-data=212 ZI-data=8188  
".\build\FLASH\RTX_APP.axf" - 0 Error(s), 0 Warning(s).
Build Project 'RTX_App' - Target 'Starter SIM'
compiling main_task_exp.c...
N:\2B\ECE 254\ECE254-master\lab2\starter\RTX_App\src\main_task_exp.c(73): error:  #65: expected a ";"
Target not created
Build Project 'RTX_App' - Target 'Starter SIM'
compiling main_task_exp.c...
linking...
Program Size: Code=7420 RO-data=348 RW-data=212 ZI-data=8188  
".\build\FLASH\RTX_APP.axf" - 0 Error(s), 0 Warning(s).
Build Project 'RTX_App' - Target 'Starter SIM'
compiling main_task_exp.c...
linking...
Program Size: Code=7468 RO-data=348 RW-data=212 ZI-data=8188  
".\build\FLASH\RTX_APP.axf" - 0 Error(s), 0 Warning(s).
Build Project 'RTX_App' - Target 'Starter SIM'
compiling main_task_exp.c...
linking...
Program Size: Code=7208 RO-data=348 RW-data=212 ZI-data=8188  
".\build\FLASH\RTX_APP.axf" - 0 Error(s), 0 Warning(s).
Build Project 'RTX_App' - Target 'Starter SIM'
compiling main_task_exp.c...
linking...
Program Size: Code=7208 RO-data=348 RW-data=212 ZI-data=8188  
".\build\FLASH\RTX_APP.axf" - 0 Error(s), 0 Warning(s).
Build Project 'RTX_App' - Target 'Starter SIM'
compiling main_task_exp.c...
linking...
Program Size: Code=7208 RO-data=348 RW-data=212 ZI-data=8188  
".\build\FLASH\RTX_APP.axf" - 0 Error(s), 0 Warning(s).
Build Project 'RTX_App' - Target 'Starter SIM'
compiling main_task_exp.c...
linking...
Program Size: Code=7196 RO-data=276 RW-data=212 ZI-data=8188  
".\build\FLASH\RTX_APP.axf" - 0 Error(s), 0 Warning(s).
Build Project 'RTX_App' - Target 'Starter SIM'
compiling main_task_exp.c...
N:\2B\ECE 254\ECE254-master\lab2\starter\RTX_App\src\main_task_exp.c(59): warning:  #177-D: variable "i" was declared but never referenced
linking...
Program Size: Code=7212 RO-data=276 RW-data=212 ZI-data=8188  
".\build\FLASH\RTX_APP.axf" - 0 Error(s), 1 Warning(s).
Build Project 'RTX_App' - Target 'Starter SIM'
compiling main_task_exp.c...
linking...
Program Size: Code=7216 RO-data=276 RW-data=212 ZI-data=8188  
".\build\FLASH\RTX_APP.axf" - 0 Error(s), 0 Warning(s).
Build Project 'RTX_App' - Target 'Starter SIM'
compiling main_task_exp.c...
linking...
Program Size: Code=7216 RO-data=276 RW-data=212 ZI-data=8188  
".\build\FLASH\RTX_APP.axf" - 0 Error(s), 0 Warning(s).
Build Project 'RTX_App' - Target 'Starter SIM'
compiling main_task_exp.c...
linking...
Program Size: Code=7236 RO-data=276 RW-data=212 ZI-data=8188  
".\build\FLASH\RTX_APP.axf" - 0 Error(s), 0 Warning(s).
Build Project 'RTX_App' - Target 'Starter SIM'
compiling main_task_exp.c...
linking...
Program Size: Code=7228 RO-data=276 RW-data=212 ZI-data=8188  
".\build\FLASH\RTX_APP.axf" - 0 Error(s), 0 Warning(s).
Build Project 'RTX_App' - Target 'Starter SIM'
compiling main_task_exp.c...
linking...
Program Size: Code=7236 RO-data=276 RW-data=212 ZI-data=8188  
".\build\FLASH\RTX_APP.axf" - 0 Error(s), 0 Warning(s).
Build Project 'RTX_App' - Target 'Starter SIM'
compiling main_task_exp.c...
linking...
Program Size: Code=7236 RO-data=276 RW-data=212 ZI-data=8188  
".\build\FLASH\RTX_APP.axf" - 0 Error(s), 0 Warning(s).
Build Project 'RTX_App' - Target 'Starter SIM'
compiling main_task_exp.c...
linking...
Program Size: Code=7236 RO-data=276 RW-data=212 ZI-data=8188  
".\build\FLASH\RTX_APP.axf" - 0 Error(s), 0 Warning(s).
Build Project 'RTX_App' - Target 'Starter SIM'
compiling main_task_exp.c...
linking...
Program Size: Code=7236 RO-data=276 RW-data=212 ZI-data=8188  
".\build\FLASH\RTX_APP.axf" - 0 Error(s), 0 Warning(s).
Build Project 'RTX_App' - Target 'Starter SIM'
compiling main_task_exp.c...
N:\2B\ECE 254\ECE254-master\lab2\starter\RTX_App\src\main_task_exp.c(60): error:  #70: incomplete type is not allowed
Target not created
Build Project 'RTX_App' - Target 'Starter SIM'
compiling main_task_exp.c...
linking...
Program Size: Code=7240 RO-data=276 RW-data=212 ZI-data=8188  
".\build\FLASH\RTX_APP.axf" - 0 Error(s), 0 Warning(s).
Build Project 'RTX_App' - Target 'Starter SIM'
compiling main_task_exp.c...
linking...
Program Size: Code=7236 RO-data=276 RW-data=212 ZI-data=8188  
".\build\FLASH\RTX_APP.axf" - 0 Error(s), 0 Warning(s).
Build Project 'RTX_App' - Target 'Starter SIM'
compiling main_task_exp.c...
linking...
Program Size: Code=7240 RO-data=276 RW-data=212 ZI-data=8188  
".\build\FLASH\RTX_APP.axf" - 0 Error(s), 0 Warning(s).
Build Project 'RTX_App' - Target 'Starter SIM'
compiling main_task_exp.c...
N:\2B\ECE 254\ECE254-master\lab2\starter\RTX_App\src\main_task_exp.c(129): error:  #268: declaration may not appear after executable statement in block
Target not created
Build Project 'RTX_App' - Target 'Starter SIM'
compiling main_task_exp.c...
linking...
Program Size: Code=7268 RO-data=276 RW-data=212 ZI-data=8188  
".\build\FLASH\RTX_APP.axf" - 0 Error(s), 0 Warning(s).
Build Project 'RTX_App' - Target 'Starter SIM'
compiling main_task_exp.c...
linking...
Program Size: Code=7288 RO-data=276 RW-data=212 ZI-data=8188  
".\build\FLASH\RTX_APP.axf" - 0 Error(s), 0 Warning(s).
Build Project 'RTX_App' - Target 'Starter SIM'
compiling main_task_exp.c...
linking...
Program Size: Code=7428 RO-data=348 RW-data=212 ZI-data=8188  
".\build\FLASH\RTX_APP.axf" - 0 Error(s), 0 Warning(s).
Build Project 'RTX_App' - Target 'Starter SIM'
compiling main_task_exp.c...
N:\2B\ECE 254\ECE254-master\lab2\starter\RTX_App\src\main_task_exp.c(59): warning:  #177-D: variable "i" was declared but never referenced
linking...
Program Size: Code=7424 RO-data=348 RW-data=212 ZI-data=8188  
".\build\FLASH\RTX_APP.axf" - 0 Error(s), 1 Warning(s).
Build Project 'RTX_App' - Target 'Starter SIM'
compiling main_task_exp.c...
linking...
Program Size: Code=7428 RO-data=348 RW-data=212 ZI-data=8188  
".\build\FLASH\RTX_APP.axf" - 0 Error(s), 0 Warning(s).
Build Project 'RTX_App' - Target 'Starter SIM'
compiling main_task_exp.c...
linking...
Program Size: Code=7428 RO-data=348 RW-data=212 ZI-data=8196  
".\build\FLASH\RTX_APP.axf" - 0 Error(s), 0 Warning(s).
Build Project 'RTX_App' - Target 'Starter SIM'
compiling main_task_exp.c...
N:\2B\ECE 254\ECE254-master\lab2\starter\RTX_App\src\main_task_exp.c(64): error:  #70: incomplete type is not allowed
N:\2B\ECE 254\ECE254-master\lab2\starter\RTX_App\src\main_task_exp.c(67): error:  #268: declaration may not appear after executable statement in block
N:\2B\ECE 254\ECE254-master\lab2\starter\RTX_App\src\main_task_exp.c(67): error:  #70: incomplete type is not allowed
N:\2B\ECE 254\ECE254-master\lab2\starter\RTX_App\src\main_task_exp.c(70): error:  #268: declaration may not appear after executable statement in block
N:\2B\ECE 254\ECE254-master\lab2\starter\RTX_App\src\main_task_exp.c(70): error:  #70: incomplete type is not allowed
N:\2B\ECE 254\ECE254-master\lab2\starter\RTX_App\src\main_task_exp.c(59): warning:  #177-D: variable "i" was declared but never referenced
N:\2B\ECE 254\ECE254-master\lab2\starter\RTX_App\src\main_task_exp.c(60): warning:  #177-D: variable "return_p" was declared but never referenced
N:\2B\ECE 254\ECE254-master\lab2\starter\RTX_App\src\main_task_exp.c(144): error:  #70: incomplete type is not allowed
N:\2B\ECE 254\ECE254-master\lab2\starter\RTX_App\src\main_task_exp.c(154): error:  #20: identifier "return_p" is undefined
Target not created
Build Project 'RTX_App' - Target 'Starter SIM'
compiling main_task_exp.c...
N:\2B\ECE 254\ECE254-master\lab2\starter\RTX_App\src\main_task_exp.c(67): error:  #268: declaration may not appear after executable statement in block
N:\2B\ECE 254\ECE254-master\lab2\starter\RTX_App\src\main_task_exp.c(70): error:  #268: declaration may not appear after executable statement in block
N:\2B\ECE 254\ECE254-master\lab2\starter\RTX_App\src\main_task_exp.c(59): warning:  #177-D: variable "i" was declared but never referenced
N:\2B\ECE 254\ECE254-master\lab2\starter\RTX_App\src\main_task_exp.c(60): warning:  #177-D: variable "return_p" was declared but never referenced
N:\2B\ECE 254\ECE254-master\lab2\starter\RTX_App\src\main_task_exp.c(154): error:  #20: identifier "return_p" is undefined
Target not created
Build Project 'RTX_App' - Target 'Starter SIM'
compiling main_task_exp.c...
N:\2B\ECE 254\ECE254-master\lab2\starter\RTX_App\src\main_task_exp.c(67): error:  #268: declaration may not appear after executable statement in block
N:\2B\ECE 254\ECE254-master\lab2\starter\RTX_App\src\main_task_exp.c(70): error:  #268: declaration may not appear after executable statement in block
N:\2B\ECE 254\ECE254-master\lab2\starter\RTX_App\src\main_task_exp.c(59): warning:  #177-D: variable "i" was declared but never referenced
N:\2B\ECE 254\ECE254-master\lab2\starter\RTX_App\src\main_task_exp.c(60): warning:  #177-D: variable "return_p" was declared but never referenced
Target not created
Build Project 'RTX_App' - Target 'Starter SIM'
compiling main_task_exp.c...
N:\2B\ECE 254\ECE254-master\lab2\starter\RTX_App\src\main_task_exp.c(59): warning:  #177-D: variable "i" was declared but never referenced
N:\2B\ECE 254\ECE254-master\lab2\starter\RTX_App\src\main_task_exp.c(60): warning:  #177-D: variable "return_p" was declared but never referenced
linking...
Program Size: Code=7532 RO-data=276 RW-data=212 ZI-data=8188  
".\build\FLASH\RTX_APP.axf" - 0 Error(s), 2 Warning(s).
Build Project 'RTX_App' - Target 'Starter SIM'
compiling main_task_exp.c...
N:\2B\ECE 254\ECE254-master\lab2\starter\RTX_App\src\main_task_exp.c(74): error:  #20: identifier "result" is undefined
N:\2B\ECE 254\ECE254-master\lab2\starter\RTX_App\src\main_task_exp.c(59): warning:  #177-D: variable "i" was declared but never referenced
N:\2B\ECE 254\ECE254-master\lab2\starter\RTX_App\src\main_task_exp.c(60): warning:  #177-D: variable "return_p" was declared but never referenced
Target not created
Build Project 'RTX_App' - Target 'Starter SIM'
compiling main_task_exp.c...
N:\2B\ECE 254\ECE254-master\lab2\starter\RTX_App\src\main_task_exp.c(59): warning:  #177-D: variable "i" was declared but never referenced
N:\2B\ECE 254\ECE254-master\lab2\starter\RTX_App\src\main_task_exp.c(60): warning:  #177-D: variable "return_p" was declared but never referenced
linking...
Program Size: Code=7660 RO-data=276 RW-data=212 ZI-data=8188  
".\build\FLASH\RTX_APP.axf" - 0 Error(s), 2 Warning(s).
Build Project 'RTX_App' - Target 'Starter SIM'
compiling main_task_exp.c...
N:\2B\ECE 254\ECE254-master\lab2\starter\RTX_App\src\main_task_exp.c(59): warning:  #177-D: variable "i" was declared but never referenced
N:\2B\ECE 254\ECE254-master\lab2\starter\RTX_App\src\main_task_exp.c(60): warning:  #177-D: variable "return_p" was declared but never referenced
linking...
Program Size: Code=7520 RO-data=276 RW-data=212 ZI-data=8188  
".\build\FLASH\RTX_APP.axf" - 0 Error(s), 2 Warning(s).
Build Project 'RTX_App' - Target 'Starter SIM'
compiling main_task_exp.c...
N:\2B\ECE 254\ECE254-master\lab2\starter\RTX_App\src\main_task_exp.c(59): warning:  #177-D: variable "i" was declared but never referenced
N:\2B\ECE 254\ECE254-master\lab2\starter\RTX_App\src\main_task_exp.c(60): warning:  #177-D: variable "return_p" was declared but never referenced
linking...
Program Size: Code=7520 RO-data=276 RW-data=212 ZI-data=8188  
".\build\FLASH\RTX_APP.axf" - 0 Error(s), 2 Warning(s).
  
*** Note: 'Create Batch File' is active - using 'Rebuild'.
Rebuild Project 'RTX_Lib_CM' - Target 'CM3_LE'
compiling rt_Task.c...
compiling rt_System.c...
compiling rt_Event.c...
compiling rt_List.c...
compiling rt_Mailbox.c...
compiling rt_Semaphore.c...
compiling rt_Time.c...
compiling rt_Timer.c...
compiling rt_Mutex.c...
compiling rt_Robin.c...
compiling rt_MemBox.c...
compiling rt_Task_ext.c...
compiling rt_MemBox_ext.c...
assembling SVC_Table.s...
compiling HAL_CM3.c...
creating Library...
User command #1: cmd.exe /C copy ArInp.Scr CM3_LE\BuildLib.scr
        1 file(s) copied.
".\CM3_LE\RTX_CM3.lib" - 0 Error(s), 0 Warning(s).
  
Build Project 'RTX_App' - Target 'Starter SIM'
linking...
Program Size: Code=7520 RO-data=276 RW-data=212 ZI-data=8188  
".\build\FLASH\RTX_APP.axf" - 0 Error(s), 0 Warning(s).
Build Project 'RTX_App' - Target 'Starter SIM'
compiling main_task_exp.c...
N:\2B\ECE 254\ECE254-master\lab2\starter\RTX_App\src\main_task_exp.c(59): warning:  #177-D: variable "i" was declared but never referenced
N:\2B\ECE 254\ECE254-master\lab2\starter\RTX_App\src\main_task_exp.c(60): warning:  #177-D: variable "return_p" was declared but never referenced
linking...
Program Size: Code=7520 RO-data=276 RW-data=212 ZI-data=8188  
".\build\FLASH\RTX_APP.axf" - 0 Error(s), 2 Warning(s).
Build Project 'RTX_App' - Target 'Starter SIM'
compiling main_task_exp.c...
N:\2B\ECE 254\ECE254-master\lab2\starter\RTX_App\src\main_task_exp.c(81): error:  #268: declaration may not appear after executable statement in block
N:\2B\ECE 254\ECE254-master\lab2\starter\RTX_App\src\main_task_exp.c(82): error:  #268: declaration may not appear after executable statement in block
N:\2B\ECE 254\ECE254-master\lab2\starter\RTX_App\src\main_task_exp.c(83): error:  #268: declaration may not appear after executable statement in block
N:\2B\ECE 254\ECE254-master\lab2\starter\RTX_App\src\main_task_exp.c(59): warning:  #177-D: variable "i" was declared but never referenced
Target not created
Build Project 'RTX_App' - Target 'Starter SIM'
compiling main_task_exp.c...
N:\2B\ECE 254\ECE254-master\lab2\starter\RTX_App\src\main_task_exp.c(91): error:  #20: identifier "ptr3" is undefined
N:\2B\ECE 254\ECE254-master\lab2\starter\RTX_App\src\main_task_exp.c(59): warning:  #177-D: variable "i" was declared but never referenced
Target not created
Build Project 'RTX_App' - Target 'Starter SIM'
compiling main_task_exp.c...
N:\2B\ECE 254\ECE254-master\lab2\starter\RTX_App\src\main_task_exp.c(59): warning:  #177-D: variable "i" was declared but never referenced
N:\2B\ECE 254\ECE254-master\lab2\starter\RTX_App\src\main_task_exp.c(62): warning:  #550-D: variable "ptr1" was set but never used
N:\2B\ECE 254\ECE254-master\lab2\starter\RTX_App\src\main_task_exp.c(63): warning:  #550-D: variable "ptr2" was set but never used
linking...
Program Size: Code=7616 RO-data=276 RW-data=212 ZI-data=8188  
".\build\FLASH\RTX_APP.axf" - 0 Error(s), 3 Warning(s).
Build Project 'RTX_App' - Target 'Starter SIM'
compiling main_task_exp.c...
N:\2B\ECE 254\ECE254-master\lab2\starter\RTX_App\src\main_task_exp.c(61): warning:  #177-D: variable "i" was declared but never referenced
N:\2B\ECE 254\ECE254-master\lab2\starter\RTX_App\src\main_task_exp.c(64): warning:  #550-D: variable "ptr1" was set but never used
N:\2B\ECE 254\ECE254-master\lab2\starter\RTX_App\src\main_task_exp.c(65): warning:  #550-D: variable "ptr2" was set but never used
linking...
Program Size: Code=7616 RO-data=276 RW-data=212 ZI-data=8180  
".\build\FLASH\RTX_APP.axf" - 0 Error(s), 3 Warning(s).
Build Project 'RTX_App' - Target 'Starter SIM'
compiling main_task_exp.c...
N:\2B\ECE 254\ECE254-master\lab2\starter\RTX_App\src\main_task_exp.c(61): warning:  #177-D: variable "i" was declared but never referenced
N:\2B\ECE 254\ECE254-master\lab2\starter\RTX_App\src\main_task_exp.c(62): warning:  #177-D: variable "return_p" was declared but never referenced
N:\2B\ECE 254\ECE254-master\lab2\starter\RTX_App\src\main_task_exp.c(64): warning:  #550-D: variable "ptr1" was set but never used
N:\2B\ECE 254\ECE254-master\lab2\starter\RTX_App\src\main_task_exp.c(65): warning:  #550-D: variable "ptr2" was set but never used
linking...
Program Size: Code=7512 RO-data=276 RW-data=212 ZI-data=8180  
".\build\FLASH\RTX_APP.axf" - 0 Error(s), 4 Warning(s).
Build Project 'RTX_App' - Target 'Starter SIM'
compiling main_task_exp.c...
N:\2B\ECE 254\ECE254-master\lab2\starter\RTX_App\src\main_task_exp.c(70): error:  #20: identifier "ptr1" is undefined
N:\2B\ECE 254\ECE254-master\lab2\starter\RTX_App\src\main_task_exp.c(71): error:  #20: identifier "ptr2" is undefined
N:\2B\ECE 254\ECE254-master\lab2\starter\RTX_App\src\main_task_exp.c(72): error:  #20: identifier "ptr3" is undefined
N:\2B\ECE 254\ECE254-master\lab2\starter\RTX_App\src\main_task_exp.c(61): warning:  #177-D: variable "i" was declared but never referenced
N:\2B\ECE 254\ECE254-master\lab2\starter\RTX_App\src\main_task_exp.c(62): warning:  #177-D: variable "return_p" was declared but never referenced
N:\2B\ECE 254\ECE254-master\lab2\starter\RTX_App\src\main_task_exp.c(65): warning:  #177-D: variable "result" was declared but never referenced
N:\2B\ECE 254\ECE254-master\lab2\starter\RTX_App\src\main_task_exp.c(149): error:  #20: identifier "ptr3" is undefined
N:\2B\ECE 254\ECE254-master\lab2\starter\RTX_App\src\main_task_exp.c(160): warning:  #223-D: function "os_sys_dly" declared implicitly
N:\2B\ECE 254\ECE254-master\lab2\starter\RTX_App\src\main_task_exp.c(204): error:  #268: declaration may not appear after executable statement in block
N:\2B\ECE 254\ECE254-master\lab2\starter\RTX_App\src\main_task_exp.c(205): error:  #268: declaration may not appear after executable statement in block
N:\2B\ECE 254\ECE254-master\lab2\starter\RTX_App\src\main_task_exp.c(206): error:  #268: declaration may not appear after executable statement in block
N:\2B\ECE 254\ECE254-master\lab2\starter\RTX_App\src\main_task_exp.c(204): warning:  #177-D: variable "ptr1" was declared but never referenced
N:\2B\ECE 254\ECE254-master\lab2\starter\RTX_App\src\main_task_exp.c(205): warning:  #177-D: variable "ptr2" was declared but never referenced
N:\2B\ECE 254\ECE254-master\lab2\starter\RTX_App\src\main_task_exp.c(206): warning:  #177-D: variable "ptr3" was declared but never referenced
Target not created
Build Project 'RTX_App' - Target 'Starter SIM'
compiling main_task_exp.c...
N:\2B\ECE 254\ECE254-master\lab2\starter\RTX_App\src\main_task_exp.c(63): warning:  #177-D: variable "i" was declared but never referenced
N:\2B\ECE 254\ECE254-master\lab2\starter\RTX_App\src\main_task_exp.c(64): warning:  #177-D: variable "return_p" was declared but never referenced
N:\2B\ECE 254\ECE254-master\lab2\starter\RTX_App\src\main_task_exp.c(67): warning:  #177-D: variable "result" was declared but never referenced
N:\2B\ECE 254\ECE254-master\lab2\starter\RTX_App\src\main_task_exp.c(162): warning:  #223-D: function "os_sys_dly" declared implicitly
linking...
.\build\FLASH\RTX_APP.axf: Error: L6218E: Undefined symbol os_sys_dly (referred from main_task_exp.o).
Target not created
Build Project 'RTX_App' - Target 'Starter SIM'
compiling main_task_exp.c...
N:\2B\ECE 254\ECE254-master\lab2\starter\RTX_App\src\main_task_exp.c(63): warning:  #177-D: variable "i" was declared but never referenced
N:\2B\ECE 254\ECE254-master\lab2\starter\RTX_App\src\main_task_exp.c(64): warning:  #177-D: variable "return_p" was declared but never referenced
N:\2B\ECE 254\ECE254-master\lab2\starter\RTX_App\src\main_task_exp.c(67): warning:  #177-D: variable "result" was declared but never referenced
linking...
Program Size: Code=7520 RO-data=276 RW-data=224 ZI-data=8176  
".\build\FLASH\RTX_APP.axf" - 0 Error(s), 3 Warning(s).
Build Project 'RTX_App' - Target 'Starter SIM'
compiling main_task_exp.c...
N:\2B\ECE 254\ECE254-master\lab2\starter\RTX_App\src\main_task_exp.c(61): warning:  #177-D: variable "i" was declared but never referenced
N:\2B\ECE 254\ECE254-master\lab2\starter\RTX_App\src\main_task_exp.c(62): warning:  #177-D: variable "return_p" was declared but never referenced
N:\2B\ECE 254\ECE254-master\lab2\starter\RTX_App\src\main_task_exp.c(64): warning:  #550-D: variable "ptr1" was set but never used
N:\2B\ECE 254\ECE254-master\lab2\starter\RTX_App\src\main_task_exp.c(65): warning:  #550-D: variable "ptr2" was set but never used
linking...
Program Size: Code=7512 RO-data=276 RW-data=212 ZI-data=8180  
".\build\FLASH\RTX_APP.axf" - 0 Error(s), 4 Warning(s).
Build Project 'RTX_App' - Target 'Starter SIM'
compiling main_task_exp.c...
N:\2B\ECE 254\ECE254-master\lab2\starter\RTX_App\src\main_task_exp.c(61): warning:  #177-D: variable "i" was declared but never referenced
N:\2B\ECE 254\ECE254-master\lab2\starter\RTX_App\src\main_task_exp.c(62): warning:  #177-D: variable "return_p" was declared but never referenced
N:\2B\ECE 254\ECE254-master\lab2\starter\RTX_App\src\main_task_exp.c(64): warning:  #550-D: variable "ptr1" was set but never used
N:\2B\ECE 254\ECE254-master\lab2\starter\RTX_App\src\main_task_exp.c(65): warning:  #550-D: variable "ptr2" was set but never used
linking...
Program Size: Code=7512 RO-data=276 RW-data=212 ZI-data=8180  
".\build\FLASH\RTX_APP.axf" - 0 Error(s), 4 Warning(s).
Build Project 'RTX_App' - Target 'Starter SIM'
compiling main_task_exp.c...
linking...
Program Size: Code=7492 RO-data=276 RW-data=212 ZI-data=8180  
".\build\FLASH\RTX_APP.axf" - 0 Error(s), 0 Warning(s).
Build Project 'RTX_App' - Target 'Starter SIM'
compiling main_task_exp.c...
linking...
Program Size: Code=7492 RO-data=276 RW-data=212 ZI-data=8180  
".\build\FLASH\RTX_APP.axf" - 0 Error(s), 0 Warning(s).
Build Project 'RTX_App' - Target 'Starter SIM'
compiling main_task_exp.c...
linking...
Program Size: Code=7492 RO-data=276 RW-data=212 ZI-data=8180  
".\build\FLASH\RTX_APP.axf" - 0 Error(s), 0 Warning(s).
Build Project 'RTX_App' - Target 'Starter SIM'
compiling main_task_exp.c...
N:\2B\ECE 254\ECE254-master\lab2\starter\RTX_App\src\main_task_exp.c(91): warning:  #223-D: function "os_task_delete_self" declared implicitly
linking...
.\build\FLASH\RTX_APP.axf: Error: L6218E: Undefined symbol os_task_delete_self (referred from main_task_exp.o).
Target not created
compiling main_task_exp.c...
src\main_task_exp.c - 0 Error(s), 0 Warning(s).
Build Project 'RTX_App' - Target 'Starter SIM'
linking...
Program Size: Code=7500 RO-data=276 RW-data=212 ZI-data=8180  
".\build\FLASH\RTX_APP.axf" - 0 Error(s), 0 Warning(s).
Build Project 'RTX_App' - Target 'Starter SIM'
compiling main_task_exp.c...
linking...
Program Size: Code=7504 RO-data=276 RW-data=212 ZI-data=8180  
".\build\FLASH\RTX_APP.axf" - 0 Error(s), 0 Warning(s).
Build Project 'RTX_App' - Target 'Starter SIM'
linking...
Program Size: Code=7504 RO-data=276 RW-data=212 ZI-data=8180  
".\build\FLASH\RTX_APP.axf" - 0 Error(s), 0 Warning(s).
Build Project 'RTX_App' - Target 'Starter SIM'
compiling main_task_exp.c...
linking...
Program Size: Code=7512 RO-data=276 RW-data=212 ZI-data=8180  
".\build\FLASH\RTX_APP.axf" - 0 Error(s), 0 Warning(s).
Build Project 'RTX_App' - Target 'Starter SIM'
compiling main_task_exp.c...
linking...
Program Size: Code=7512 RO-data=276 RW-data=212 ZI-data=8180  
".\build\FLASH\RTX_APP.axf" - 0 Error(s), 0 Warning(s).
Build Project 'RTX_App' - Target 'Starter SIM'
compiling main_task_exp.c...
linking...
Program Size: Code=7480 RO-data=276 RW-data=212 ZI-data=8180  
".\build\FLASH\RTX_APP.axf" - 0 Error(s), 0 Warning(s).
Build Project 'RTX_App' - Target 'Starter SIM'
compiling main_task_exp.c...
N:\2B\ECE 254\ECE254-master\lab2\starter\RTX_App\src\main_task_exp.c(165): error:  #268: declaration may not appear after executable statement in block
Target not created
Build Project 'RTX_App' - Target 'Starter SIM'
compiling main_task_exp.c...
linking...
Program Size: Code=7480 RO-data=276 RW-data=212 ZI-data=8180  
".\build\FLASH\RTX_APP.axf" - 0 Error(s), 0 Warning(s).
Build Project 'RTX_App' - Target 'Starter SIM'
compiling main_task_exp.c...
N:\2B\ECE 254\ECE254-master\lab2\starter\RTX_App\src\main_task_exp.c(142): error:  #268: declaration may not appear after executable statement in block
Target not created
Build Project 'RTX_App' - Target 'Starter SIM'
compiling main_task_exp.c...
N:\2B\ECE 254\ECE254-master\lab2\starter\RTX_App\src\main_task_exp.c(140): error:  #65: expected a ";"
Target not created
Build Project 'RTX_App' - Target 'Starter SIM'
compiling main_task_exp.c...
linking...
Program Size: Code=7512 RO-data=372 RW-data=212 ZI-data=8180  
".\build\FLASH\RTX_APP.axf" - 0 Error(s), 0 Warning(s).
Build Project 'RTX_App' - Target 'Starter SIM'
compiling main_task_exp.c...
linking...
Program Size: Code=7828 RO-data=372 RW-data=212 ZI-data=8180  
".\build\FLASH\RTX_APP.axf" - 0 Error(s), 0 Warning(s).
Build Project 'RTX_App' - Target 'Starter SIM'
compiling main_task_exp.c...
linking...
Program Size: Code=7828 RO-data=372 RW-data=212 ZI-data=8180  
".\build\FLASH\RTX_APP.axf" - 0 Error(s), 0 Warning(s).
Build Project 'RTX_App' - Target 'Starter SIM'
compiling main_task_exp.c...
linking...
Program Size: Code=7820 RO-data=372 RW-data=212 ZI-data=8180  
".\build\FLASH\RTX_APP.axf" - 0 Error(s), 0 Warning(s).
Build Project 'RTX_App' - Target 'Starter SIM'
compiling main_task_exp.c...
linking...
Program Size: Code=7728 RO-data=468 RW-data=212 ZI-data=8180  
".\build\FLASH\RTX_APP.axf" - 0 Error(s), 0 Warning(s).
